17:19:35 **** Build of configuration Debug for project z7010_uart_irq_bsp_xuartps_intr_example_1 ****
make pre-build main-build 
a9-linaro-pre-build-step
 
Building file: ../src/xuartps_intr_example.c
Invoking: ARM v7 gcc compiler
arm-none-eabi-gcc -Wall -O0 -g3 -c -fmessage-length=0 -MT"src/xuartps_intr_example.o" -mcpu=cortex-a9 -mfpu=vfpv3 -mfloat-abi=hard -I../../z7010_uart_irq_bsp/ps7_cortexa9_0/include -MMD -MP -MF"src/xuartps_intr_example.d" -MT"src/xuartps_intr_example.o" -o "src/xuartps_intr_example.o" "../src/xuartps_intr_example.c"
Finished building: ../src/xuartps_intr_example.c
 
Building target: z7010_uart_irq_bsp_xuartps_intr_example_1.elf
Invoking: ARM v7 gcc linker
arm-none-eabi-gcc -mcpu=cortex-a9 -mfpu=vfpv3 -mfloat-abi=hard -Wl,-build-id=none -specs=Xilinx.spec -Wl,-T -Wl,../src/lscript.ld -L../../z7010_uart_irq_bsp/ps7_cortexa9_0/lib -o "z7010_uart_irq_bsp_xuartps_intr_example_1.elf"  ./src/xuartps_intr_example.o   -Wl,--start-group,-lxil,-lgcc,-lc,--end-group
Finished building target: z7010_uart_irq_bsp_xuartps_intr_example_1.elf
 
Invoking: ARM v7 Print Size
arm-none-eabi-size z7010_uart_irq_bsp_xuartps_intr_example_1.elf  |tee "z7010_uart_irq_bsp_xuartps_intr_example_1.elf.size"
   text	   data	    bss	    dec	    hex	filename
  31440	   2772	  22904	  57116	   df1c	z7010_uart_irq_bsp_xuartps_intr_example_1.elf
Finished building: z7010_uart_irq_bsp_xuartps_intr_example_1.elf.size
 

17:19:36 Build Finished (took 872ms)

